../Core/Src/main.c:24:5:main	8	static
../Core/Src/main.c:41:6:SystemClock_Config	160	static
../Core/Src/main.c:70:13:MX_GPIO_Init	32	static
../Core/Src/main.c:83:13:MX_USART2_UART_Init	8	static
../Core/Src/main.c:97:13:MX_TIM1_Init	40	static
../Core/Src/main.c:119:6:Delay_us	16	static
../Core/Src/main.c:126:6:DS18B20_Reset	16	static
../Core/Src/main.c:145:6:DS18B20_WriteBit	16	static
../Core/Src/main.c:162:9:DS18B20_ReadBit	16	static
../Core/Src/main.c:174:6:DS18B20_WriteByte	24	static
../Core/Src/main.c:183:9:DS18B20_ReadByte	16	static
../Core/Src/main.c:193:7:DS18B20_GetTemperature	32	static
../Core/Src/main.c:219:6:PrintTemperature	16	static
../Core/Src/main.c:227:5:__io_putchar	16	static
