../Inc/core_cm4.h:1688:22:__NVIC_EnableIRQ	16	static
../Src/main.c:32:9:MHZ19_checksum	24	static
../Src/main.c:47:6:USART1_init	8	static
../Src/main.c:72:6:USART1_printCharacter	16	static
../Src/main.c:79:6:USART1_print	16	static
../Src/main.c:89:6:USART1_dataAvailable	4	static
../Src/main.c:95:6:USART1_getData	24	static
../Src/main.c:108:6:USART1_EXTI25_IRQHandler	16	static
../Src/main.c:127:6:MHZ19_sendReadCommand	16	static
../Src/main.c:140:6:processSensor	32	static
../Src/main.c:178:5:main	8	static
